                                 Started job on |	Oct 05 01:44:42
                             Started mapping on |	Oct 05 01:44:43
                                    Finished on |	Oct 05 01:44:43
       Mapping speed, Million of reads per hour |	inf

                          Number of input reads |	35
                      Average input read length |	300
                                    UNIQUE READS:
                   Uniquely mapped reads number |	33
                        Uniquely mapped reads % |	94.29%
                          Average mapped length |	297.85
                       Number of splices: Total |	55
            Number of splices: Annotated (sjdb) |	55
                       Number of splices: GT/AG |	55
                       Number of splices: GC/AG |	0
                       Number of splices: AT/AC |	0
               Number of splices: Non-canonical |	0
                      Mismatch rate per base, % |	0.04%
                         Deletion rate per base |	0.00%
                        Deletion average length |	0.00
                        Insertion rate per base |	0.00%
                       Insertion average length |	0.00
                             MULTI-MAPPING READS:
        Number of reads mapped to multiple loci |	0
             % of reads mapped to multiple loci |	0.00%
        Number of reads mapped to too many loci |	0
             % of reads mapped to too many loci |	0.00%
                                  UNMAPPED READS:
  Number of reads unmapped: too many mismatches |	0
       % of reads unmapped: too many mismatches |	0.00%
            Number of reads unmapped: too short |	1
                 % of reads unmapped: too short |	2.86%
                Number of reads unmapped: other |	0
                     % of reads unmapped: other |	0.00%
                                  CHIMERIC READS:
                       Number of chimeric reads |	1
                            % of chimeric reads |	2.86%
