                                 Started job on |	Oct 05 01:50:28
                             Started mapping on |	Oct 05 01:50:28
                                    Finished on |	Oct 05 01:50:28
       Mapping speed, Million of reads per hour |	inf

                          Number of input reads |	36
                      Average input read length |	292
                                    UNIQUE READS:
                   Uniquely mapped reads number |	33
                        Uniquely mapped reads % |	91.67%
                          Average mapped length |	298.36
                       Number of splices: Total |	57
            Number of splices: Annotated (sjdb) |	57
                       Number of splices: GT/AG |	57
                       Number of splices: GC/AG |	0
                       Number of splices: AT/AC |	0
               Number of splices: Non-canonical |	0
                      Mismatch rate per base, % |	0.00%
                         Deletion rate per base |	0.00%
                        Deletion average length |	0.00
                        Insertion rate per base |	0.00%
                       Insertion average length |	0.00
                             MULTI-MAPPING READS:
        Number of reads mapped to multiple loci |	0
             % of reads mapped to multiple loci |	0.00%
        Number of reads mapped to too many loci |	0
             % of reads mapped to too many loci |	0.00%
                                  UNMAPPED READS:
  Number of reads unmapped: too many mismatches |	0
       % of reads unmapped: too many mismatches |	0.00%
            Number of reads unmapped: too short |	3
                 % of reads unmapped: too short |	8.33%
                Number of reads unmapped: other |	0
                     % of reads unmapped: other |	0.00%
                                  CHIMERIC READS:
                       Number of chimeric reads |	2
                            % of chimeric reads |	5.56%
