                                 Started job on |	Oct 05 01:36:32
                             Started mapping on |	Oct 05 01:36:33
                                    Finished on |	Oct 05 01:36:33
       Mapping speed, Million of reads per hour |	inf

                          Number of input reads |	40
                      Average input read length |	300
                                    UNIQUE READS:
                   Uniquely mapped reads number |	30
                        Uniquely mapped reads % |	75.00%
                          Average mapped length |	295.67
                       Number of splices: Total |	42
            Number of splices: Annotated (sjdb) |	37
                       Number of splices: GT/AG |	38
                       Number of splices: GC/AG |	0
                       Number of splices: AT/AC |	0
               Number of splices: Non-canonical |	4
                      Mismatch rate per base, % |	0.28%
                         Deletion rate per base |	0.00%
                        Deletion average length |	0.00
                        Insertion rate per base |	0.00%
                       Insertion average length |	0.00
                             MULTI-MAPPING READS:
        Number of reads mapped to multiple loci |	0
             % of reads mapped to multiple loci |	0.00%
        Number of reads mapped to too many loci |	0
             % of reads mapped to too many loci |	0.00%
                                  UNMAPPED READS:
  Number of reads unmapped: too many mismatches |	0
       % of reads unmapped: too many mismatches |	0.00%
            Number of reads unmapped: too short |	5
                 % of reads unmapped: too short |	12.50%
                Number of reads unmapped: other |	0
                     % of reads unmapped: other |	0.00%
                                  CHIMERIC READS:
                       Number of chimeric reads |	9
                            % of chimeric reads |	22.50%
