{
  "status": "PRIMARY_COMPARISON_COMPLETE_PENDING_INDEPENDENT_AUDIT",
  "fixed_cohort": {
    "all_original_sites": 4015,
    "new_callable20": 3932,
    "new_zero_ACGT": 0,
    "new_below20_nonzero": 83,
    "original_DNA_dominant": 2873,
    "dominant_new_callable20": 2814,
    "dominant_new_zero": 0,
    "dominant_new_below20_nonzero": 59,
    "dominant_same90_fixed_denominator2873": 2805,
    "dominant_same98_fixed_denominator2873": 2721,
    "dominant_opposite98": 0
  },
  "dominant_transition": {
    "retain90__retain90": 2800,
    "retain90__below20": 59,
    "below90__below90": 8,
    "below90__retain90": 5,
    "retain90__below90": 1
  },
  "new_strong_loci": 5,
  "baseline_denominators_preserved": true,
  "original_DNA_retained_unchanged": true,
  "elapsed_seconds": 4.365782976150513,
  "captured_record_stats": {
    "captured_records_seen": 1004728
  },
  "captured_BAM_sha256": "41b263ae115307085aaac7bf18847b445b451ae98eab023f1fbe340c138613c2",
  "cohort_sha256": "25934a24cd3057c0324d116fe5f67ad3584e1d0a131efa8a77481fc8fd0ede8d",
  "limits": "Matched count filters; different upstream mapping/reference/parameters. Coverage loss remains in fixed denominators. Capture holds onlySNP-overlap records for ordinary names and everyemittedrecord for frozen3426names. D/N-only bookkeeping notcomplete; noformal clinicalperformance claim."
}
