C_CCND1_parent+_alternative3 322
C_CCND1_parent-_proposed_CCND1antisense_HEG1spliced -55
C_HEG1_one_insertion-_alternative1 316
C_HEG1_one_insertion+_proposed_CCND1antisense_HEG1spliced 316
C_HEG1_parent-_alternative1 322
C_HEG1_parent+_proposed_CCND1antisense_HEG1spliced 322
C_HEG1_three_substitutions-_alternative1 304
C_HEG1_three_substitutions+_proposed_CCND1antisense_HEG1spliced 304
C_HEG1_two_deletion-_alternative1 311
C_HEG1_two_deletion+_proposed_CCND1antisense_HEG1spliced 311
C_MET_canonical_splice+_alternative2 322
C_MET_canonical_splice-_proposed_CCND1antisense_HEG1spliced -67
C_annotated_INS_IGF2_transcript+_alternative2 322
C_annotated_INS_IGF2_transcript+_proposed_CCND1antisense_HEG1spliced -62
C_repeat_nonunique+_alternative1 260
C_repeat_nonunique-_proposed_CCND1antisense_HEG1spliced -107
C_synthetic_proposed_join-_alternative1 148
C_synthetic_proposed_join+_proposed_CCND1antisense_HEG1spliced 322
Q01-_alternative3 74
Q01-_proposed_CCND1antisense_HEG1spliced 142
Q02-_alternative1 175
Q02+_proposed_CCND1antisense_HEG1spliced 255
Q03-_alternative3 179
Q03-_proposed_CCND1antisense_HEG1spliced 252
Q04-_alternative3 179
Q04-_proposed_CCND1antisense_HEG1spliced 246
Q05-_alternative1 240
Q05+_proposed_CCND1antisense_HEG1spliced 310
Q06-_alternative1 173
Q06+_proposed_CCND1antisense_HEG1spliced 240
Q07-_alternative1 179
Q07+_proposed_CCND1antisense_HEG1spliced 252
Q08-_alternative1 231
Q08+_proposed_CCND1antisense_HEG1spliced 302
Q09-_alternative3 175
Q09-_proposed_CCND1antisense_HEG1spliced 255
Q10-_alternative3 177
Q10-_proposed_CCND1antisense_HEG1spliced 250
Q11-_alternative1 171
Q11+_proposed_CCND1antisense_HEG1spliced 244
Q12-_alternative1 177
Q12+_proposed_CCND1antisense_HEG1spliced 250
Q13-_alternative1 74
Q13+_proposed_CCND1antisense_HEG1spliced 142
Q14-_alternative3 111
Q14-_proposed_CCND1antisense_HEG1spliced 180
Q15-_alternative1 111
Q15+_proposed_CCND1antisense_HEG1spliced 180
Q16-_alternative1 167
Q16+_proposed_CCND1antisense_HEG1spliced 236
Q17-_alternative2 300
Q17-_proposed_CCND1antisense_HEG1spliced 300
Q18-_alternative3 167
Q18-_proposed_CCND1antisense_HEG1spliced 236
DONE 54 scores matched in 5.57 seconds
