           Time    Speed        Read     Read   Mapped   Mapped   Mapped   Mapped Unmapped Unmapped Unmapped Unmapped
                    M/hr      number   length   unique   length   MMrate    multi   multi+       MM    short    other
Oct 04 23:51:11     31.0      636338      246    81.0%    244.9     0.3%    13.1%     0.0%     0.4%     2.9%     1.2%
Oct 04 23:52:23     37.4     1518468      245    81.2%    244.5     0.2%    13.2%     0.0%     0.4%     2.8%     1.1%
Oct 04 23:53:35     39.7     2402206      244    81.2%    244.1     0.2%    13.2%     0.0%     0.4%     2.7%     1.1%
Oct 04 23:54:45     41.0     3281631      244    81.1%    244.2     0.2%    13.2%     0.0%     0.4%     2.8%     1.2%
Oct 04 23:55:52     42.2     4163491      244    81.1%    244.1     0.2%    13.2%     0.0%     0.4%     2.7%     1.2%
Oct 04 23:56:58     43.2     5046214      244    81.1%    244.0     0.2%    13.2%     0.0%     0.4%     2.7%     1.2%
Oct 04 23:58:01     44.1     5926249      244    81.1%    244.0     0.2%    13.2%     0.0%     0.4%     2.7%     1.2%
Oct 04 23:59:10     44.3     6810051      244    81.1%    243.9     0.2%    13.2%     0.0%     0.4%     2.7%     1.2%
Oct 05 00:00:20     44.5     7693255      244    81.1%    243.8     0.2%    13.2%     0.0%     0.4%     2.7%     1.2%
Oct 05 00:01:31     44.5     8573974      244    81.1%    243.9     0.2%    13.2%     0.0%     0.4%     2.8%     1.2%
Oct 05 00:02:37     44.8     9455299      244    81.1%    243.8     0.3%    13.2%     0.0%     0.4%     2.8%     1.2%
Oct 05 00:03:43     45.0    10335615      244    81.1%    243.8     0.3%    13.2%     0.0%     0.4%     2.8%     1.2%
Oct 05 00:04:50     45.2    11213180      244    81.1%    243.9     0.3%    13.2%     0.0%     0.4%     2.8%     1.2%
Oct 05 00:05:58     45.3    12088395      244    81.1%    243.9     0.3%    13.2%     0.0%     0.4%     2.8%     1.2%
Oct 05 00:07:05     45.4    12962582      244    81.1%    244.0     0.3%    13.2%     0.0%     0.4%     2.8%     1.2%
Oct 05 00:08:06     45.6    13789968      244    81.1%    244.1     0.3%    13.2%     0.0%     0.4%     2.8%     1.2%
Oct 05 00:09:07     45.8    14619921      244    81.1%    244.0     0.3%    13.2%     0.0%     0.4%     2.8%     1.2%
Oct 05 00:10:07     45.7    15349186      244    81.1%    244.1     0.3%    13.2%     0.0%     0.4%     2.8%     1.2%
Oct 05 00:11:10     45.7    16171160      245    81.1%    244.2     0.3%    13.2%     0.0%     0.4%     2.8%     1.2%
Oct 05 00:12:12     45.8    16996432      245    81.1%    244.3     0.3%    13.2%     0.0%     0.4%     2.8%     1.2%
Oct 05 00:13:18     45.8    17827252      245    81.1%    244.2     0.3%    13.2%     0.0%     0.4%     2.8%     1.2%
Oct 05 00:14:18     46.0    18660159      245    81.1%    244.2     0.3%    13.2%     0.0%     0.4%     2.8%     1.2%
Oct 05 00:15:20     46.0    19444516      244    81.1%    244.1     0.3%    13.2%     0.0%     0.4%     2.8%     1.2%
Oct 05 00:16:21     46.0    20226725      244    81.1%    244.1     0.3%    13.2%     0.0%     0.4%     2.8%     1.2%
Oct 05 00:17:24     46.0    21058225      244    81.1%    244.0     0.3%    13.2%     0.0%     0.4%     2.8%     1.2%
Oct 05 00:18:24     46.2    21886819      244    81.1%    244.1     0.3%    13.2%     0.0%     0.4%     2.8%     1.2%
Oct 05 00:19:24     46.1    22617839      244    81.1%    244.1     0.3%    13.2%     0.0%     0.4%     2.8%     1.2%
ALL DONE!
