           Time    Speed        Read     Read   Mapped   Mapped   Mapped   Mapped Unmapped Unmapped Unmapped Unmapped
                    M/hr      number   length   unique   length   MMrate    multi   multi+       MM    short    other
Oct 05 03:40:38     41.1      685238      246    81.0%    245.0     0.3%    13.1%     0.0%     0.4%     2.9%     1.2%
Oct 05 03:41:39     45.2     1518468      245    81.2%    244.5     0.2%    13.2%     0.0%     0.4%     2.8%     1.1%
Oct 05 03:42:39     51.7     2598052      244    81.2%    244.0     0.2%    13.2%     0.0%     0.4%     2.7%     1.1%
Oct 05 03:43:39     51.2     3428265      244    81.1%    244.2     0.2%    13.2%     0.0%     0.4%     2.8%     1.2%
Oct 05 03:44:39     51.6     4310951      244    81.1%    244.0     0.2%    13.2%     0.0%     0.4%     2.7%     1.2%
Oct 05 03:45:39     50.3     5046214      244    81.1%    244.0     0.2%    13.2%     0.0%     0.4%     2.7%     1.2%
Oct 05 03:46:39     51.1     5975401      244    81.1%    244.0     0.2%    13.2%     0.0%     0.4%     2.7%     1.2%
Oct 05 03:47:41     50.8     6810051      244    81.1%    243.9     0.2%    13.2%     0.0%     0.4%     2.7%     1.2%
Oct 05 03:48:41     51.0     7693255      244    81.1%    243.8     0.2%    13.2%     0.0%     0.4%     2.7%     1.2%
Oct 05 03:49:41     51.2     8573974      244    81.1%    243.9     0.2%    13.2%     0.0%     0.4%     2.8%     1.2%
Oct 05 03:50:42     51.3     9455299      244    81.1%    243.8     0.3%    13.2%     0.0%     0.4%     2.8%     1.2%
Oct 05 03:51:44     51.5    10384388      244    81.1%    243.9     0.3%    13.2%     0.0%     0.4%     2.8%     1.2%
Oct 05 03:52:44     51.6    11261922      244    81.1%    243.9     0.3%    13.2%     0.0%     0.4%     2.8%     1.2%
Oct 05 03:53:44     51.6    12137127      244    81.1%    243.9     0.3%    13.2%     0.0%     0.4%     2.8%     1.2%
Oct 05 03:54:44     52.1    13108753      244    81.1%    244.0     0.3%    13.2%     0.0%     0.4%     2.8%     1.2%
Oct 05 03:55:48     52.3    14082952      244    81.1%    244.1     0.3%    13.2%     0.0%     0.4%     2.8%     1.2%
Oct 05 03:57:01     51.8    15009401      244    81.1%    244.1     0.3%    13.2%     0.0%     0.4%     2.8%     1.2%
Oct 05 03:58:01     52.0    15930540      245    81.1%    244.1     0.3%    13.2%     0.0%     0.4%     2.8%     1.2%
Oct 05 03:59:01     51.9    16752837      245    81.1%    244.3     0.3%    13.2%     0.0%     0.4%     2.8%     1.2%
Oct 05 04:00:01     51.9    17631542      245    81.1%    244.2     0.3%    13.2%     0.0%     0.4%     2.8%     1.2%
Oct 05 04:01:01     52.1    18561874      245    81.1%    244.2     0.3%    13.2%     0.0%     0.4%     2.8%     1.2%
Oct 05 04:02:01     52.3    19493418      244    81.1%    244.1     0.3%    13.2%     0.0%     0.4%     2.8%     1.2%
Oct 05 04:03:02     52.4    20422371      244    81.1%    244.1     0.3%    13.2%     0.0%     0.4%     2.8%     1.2%
Oct 05 04:04:02     52.4    21302299      244    81.1%    244.0     0.3%    13.2%     0.0%     0.4%     2.8%     1.2%
Oct 05 04:05:02     52.5    22228598      244    81.1%    244.0     0.3%    13.2%     0.0%     0.4%     2.8%     1.2%
Oct 05 04:06:02     52.4    23062833      244    81.1%    244.1     0.3%    13.2%     0.0%     0.4%     2.8%     1.2%
ALL DONE!
