                                 Started job on |	Oct 05 01:48:55
                             Started mapping on |	Oct 05 01:48:56
                                    Finished on |	Oct 05 01:48:56
       Mapping speed, Million of reads per hour |	inf

                          Number of input reads |	45
                      Average input read length |	300
                                    UNIQUE READS:
                   Uniquely mapped reads number |	35
                        Uniquely mapped reads % |	77.78%
                          Average mapped length |	296.51
                       Number of splices: Total |	58
            Number of splices: Annotated (sjdb) |	58
                       Number of splices: GT/AG |	58
                       Number of splices: GC/AG |	0
                       Number of splices: AT/AC |	0
               Number of splices: Non-canonical |	0
                      Mismatch rate per base, % |	0.09%
                         Deletion rate per base |	0.00%
                        Deletion average length |	0.00
                        Insertion rate per base |	0.00%
                       Insertion average length |	0.00
                             MULTI-MAPPING READS:
        Number of reads mapped to multiple loci |	0
             % of reads mapped to multiple loci |	0.00%
        Number of reads mapped to too many loci |	0
             % of reads mapped to too many loci |	0.00%
                                  UNMAPPED READS:
  Number of reads unmapped: too many mismatches |	0
       % of reads unmapped: too many mismatches |	0.00%
            Number of reads unmapped: too short |	5
                 % of reads unmapped: too short |	11.11%
                Number of reads unmapped: other |	0
                     % of reads unmapped: other |	0.00%
                                  CHIMERIC READS:
                       Number of chimeric reads |	9
                            % of chimeric reads |	20.00%
